// Jest Snapshot v1, https://goo.gl/fbAQLP

exports[`Layout renders correctly 1`] = `
<div
  className="container"
>
  <title>
    Parrot Academy
     | 
    
  </title>
  <nav>
    <p
      className="navHeading"
    >
      <a
        href="/"
      >
        Parrot Academy
      </a>
    </p>
  </nav>
  <main />
</div>
`;
